✖ Р-85: a capped Buy Box target is not kept — the uncapped target would give the Buy Box price (2.399875ms)
✖ Р-85: a rejected competitor-derived proposal keeps neither the proposed price nor its deviation from the bound (0.452833ms)
✖ Р-85: an approved Buy Box undercut keeps only the published price — the target is not repeated (0.230709ms)
ℹ tests 3
ℹ suites 0
ℹ pass 0
ℹ fail 3
ℹ cancelled 0
ℹ skipped 0
ℹ todo 0
ℹ duration_ms 104.512834

✖ failing tests:

test at packages/pricing-model/src/r85.test.ts:54:1
✖ Р-85: a capped Buy Box target is not kept — the uncapped target would give the Buy Box price (2.399875ms)
  AssertionError [ERR_ASSERTION]: Expected values to be strictly deep-equal:
  + actual - expected
  
  + [
  +   1400,
  +   1400
  + ]
  - []
  
      at TestContext.<anonymous> (file://<repo>/packages/pricing-model/src/r85.test.ts:62:10)
      at Test.runInAsyncScope (node:async_hooks:214:14)
      at Test.run (node:internal/test_runner/test:1047:25)
      at Test.start (node:internal/test_runner/test:944:17)
      at startSubtestAfterBootstrap (node:internal/test_runner/harness:296:17) {
    generatedMessage: true,
    code: 'ERR_ASSERTION',
    actual: [ 1400, 1400 ],
    expected: [],
    operator: 'deepStrictEqual',
    diff: 'simple'
  }

test at packages/pricing-model/src/r85.test.ts:65:1
✖ Р-85: a rejected competitor-derived proposal keeps neither the proposed price nor its deviation from the bound (0.452833ms)
  AssertionError [ERR_ASSERTION]: Expected values to be strictly deep-equal:
  + actual - expected
  
  + [
  +   1715,
  +   1715,
  +   1715,
  +   1715
  + ]
  - []
  
      at TestContext.<anonymous> (file://<repo>/packages/pricing-model/src/r85.test.ts:78:10)
      at Test.runInAsyncScope (node:async_hooks:214:14)
      at Test.run (node:internal/test_runner/test:1047:25)
      at Test.processPendingSubtests (node:internal/test_runner/test:744:18)
      at Test.postRun (node:internal/test_runner/test:1173:19)
      at Test.run (node:internal/test_runner/test:1101:12)
      at async startSubtestAfterBootstrap (node:internal/test_runner/harness:296:3) {
    generatedMessage: true,
    code: 'ERR_ASSERTION',
    actual: [ 1715, 1715, 1715, 1715 ],
    expected: [],
    operator: 'deepStrictEqual',
    diff: 'simple'
  }

test at packages/pricing-model/src/r85.test.ts:83:1
✖ Р-85: an approved Buy Box undercut keeps only the published price — the target is not repeated (0.230709ms)
  AssertionError [ERR_ASSERTION]: Expected values to be strictly equal:
  
  true !== false
  
      at TestContext.<anonymous> (file://<repo>/packages/pricing-model/src/r85.test.ts:87:10)
      at Test.runInAsyncScope (node:async_hooks:214:14)
      at Test.run (node:internal/test_runner/test:1047:25)
      at Test.processPendingSubtests (node:internal/test_runner/test:744:18)
      at Test.postRun (node:internal/test_runner/test:1173:19)
      at Test.run (node:internal/test_runner/test:1101:12)
      at async Test.processPendingSubtests (node:internal/test_runner/test:744:7) {
    generatedMessage: true,
    code: 'ERR_ASSERTION',
    actual: true,
    expected: false,
    operator: 'strictEqual',
    diff: 'simple'
  }
