control run: 45 checks
UNCAUGHT row 12: DROP TRIGGER ba_channel_write_ceiling_insert ON tenant_data.channel_write (3 s)
   ✓ green smoke «dispatch above lowered max_price (Р-44, check 3)»
   ✓ green store.pg.test.ts «refuses a price above max_price»
CAUGHT   row 12: DROP TRIGGER ba_channel_write_ceiling_dispatch ON tenant_data.channel_write (3 s)
   ✗ fails smoke «dispatch above lowered max_price (Р-44, check 3)» — CHECK FAILED: dispatch above lowered max_price (Р-44, check 3)
   ✓ green store.pg.test.ts «refuses a price above max_price»
CAUGHT   row 13: ALTER TABLE channel_data.price_decision DROP CONSTRAINT price_decision_rejection_reason_iff (3 s)
   ✓ green smoke «clamp to floor instead of rejection (Р-44)»
   ✗ fails smoke «REJECTED without a reason» — CHECK FAILED: REJECTED without a reason
CAUGHT   row 13: ALTER TABLE channel_data.price_decision DROP CONSTRAINT price_decision_no_bound_clamp (3 s)
   ✗ fails smoke «clamp to floor instead of rejection (Р-44)» — CHECK FAILED: clamp to floor instead of rejection (Р-44)
   ✓ green smoke «REJECTED without a reason»
CAUGHT   row 14: ALTER TABLE tenant_data.guardrail DROP CONSTRAINT guardrail_ceiling_moved_to_max_price (2 s)
   ✗ fails smoke «guardrail carrying a ceiling (moved to max_price, Р-43)» — CHECK FAILED: guardrail carrying a ceiling (moved to max_price, Р-43)
UNCAUGHT row 16: DROP TRIGGER c_pricing_halt_release_journal ON channel_data.pricing_halt (2 s)
   ✓ green smoke «manual release without a journal record (Р-52)»
   ✓ green smoke «manual halt release by a member with a second factor, a note and a journal record (Р-52, Р-88)»
   ✓ green audit-guards.pg.test.ts «finding 1»
CAUGHT   row 17: DROP TRIGGER aa_price_decision_copy_derivation ON channel_data.price_decision (3 s)
   ✗ fails smoke «competitor_derived is not derived from rule_code» — ERROR:  competitor_derived is not derived from rule_code
CAUGHT   row 18: ALTER TABLE tenant_data.write_scope DROP CONSTRAINT write_scope_supported_currency (3 s)
   ✗ fails smoke «currency outside EUR and USD» — CHECK FAILED: currency outside EUR and USD
CAUGHT   row 19: ALTER TABLE tenant_data.write_scope DROP CONSTRAINT write_scope_tax_regime_for_price (2 s)
   ✓ green smoke «USD write scope attached to a EUR gross storefront (Р-57, Р-58)»
   ✓ green smoke «net price basis with VAT regime (Р-58)»
   ✗ fails smoke «price write scope without tax regime (Р-58)» — CHECK FAILED: price write scope without tax regime (Р-58)
UNCAUGHT row 20, 21: ALTER TABLE channel_data.price_decision DROP CONSTRAINT price_decision_rejection_explained (2 s)
   ✓ green store.pg.test.ts «OQ-93, OQ-94, OQ-98»
UNCAUGHT row 22: ALTER TABLE tenant_data.channel_write_history DROP CONSTRAINT channel_write_history_end_explained (7 s)
   ✓ green write-queue.pg.test.ts
   ✓ green budget-retry-dispatch.pg.test.ts
UNCAUGHT row 22: ALTER TABLE tenant_data.channel_write DROP CONSTRAINT channel_write_end_explained (7 s)
   ✓ green write-queue.pg.test.ts
   ✓ green budget-retry-dispatch.pg.test.ts
CAUGHT   row 23: DROP TRIGGER zz_fx_rate_immutable ON platform.fx_rate (4 s)
   ✗ fails smoke «ECB rate is immutable (Р-61)» — CHECK FAILED: ECB rate is immutable (Р-61)
   ✓ green fx-day-boundary.pg.test.ts «Р-61 in the database»
CAUGHT   row 22: DROP TRIGGER zz_channel_write_announce_dispatch ON tenant_data.channel_write (5 s)
   ✗ fails write-queue.pg.test.ts — control — without the dispatcher queued writes stay PENDING (step 9 defect), but every one is announced and every supersession explained [a PENDING write has no scope.write.v1 even
   ✓ green budget-retry-dispatch.pg.test.ts
CAUGHT   row 23: DROP TRIGGER aa_price_decision_fx_recorded ON channel_data.price_decision (2 s)
   ✓ green smoke «ECB rate is immutable (Р-61)»
   ✗ fails fx-day-boundary.pg.test.ts «Р-61 in the database» — Р-61 in the database: a decision on a converted cost is refused without its exchange rate and stored with it [Missing expected rejection.']
UNCAUGHT row 23: ALTER TABLE channel_data.price_decision DROP CONSTRAINT price_decision_fx_shape (2 s)
   ✓ green smoke «ECB rate is immutable (Р-61)»
   ✓ green fx-day-boundary.pg.test.ts «Р-61 in the database»
CAUGHT   row 24, 26: ALTER TABLE platform.marketplace DROP CONSTRAINT marketplace_time_zone_known_if_confirmed (2 s)
   ✓ green smoke «budgeted write while the storefront day boundary is unconfirmed (Р-65)»
   ✓ green smoke «budget day is not the current storefront day (Р-65)»
   ✗ fails smoke «US storefront confirmed without a time zone» — CHECK FAILED: US storefront confirmed without a time zone
   ✓ green fx-day-boundary.pg.test.ts «Р-65: a US storefront»
CAUGHT   row 24, 26: DROP TRIGGER aa_channel_write_budget_day_tz ON tenant_data.channel_write (2 s)
   ✗ fails smoke «budgeted write while the storefront day boundary is unconfirmed (Р-65)» — CHECK FAILED: budgeted write while the storefront day boundary is unconfirmed (Р-65)
   ✗ fails smoke «budget day is not the current storefront day (Р-65)» — CHECK FAILED: budget day is not the current storefront day (Р-65)
   ✓ green smoke «US storefront confirmed without a time zone»
   ✓ green fx-day-boundary.pg.test.ts «Р-65: a US storefront»
CAUGHT   row 24, 26: DROP TRIGGER aa_price_daily_day_tz ON tenant_data.price_daily (2 s)
   ✓ green smoke «budgeted write while the storefront day boundary is unconfirmed (Р-65)»
   ✓ green smoke «budget day is not the current storefront day (Р-65)»
   ✓ green smoke «US storefront confirmed without a time zone»
   ✗ fails fx-day-boundary.pg.test.ts «Р-65: a US storefront» — Р-65: a US storefront has no substituted day boundary; Amazon US and eBay US are marked to verify separately [Missing expected rejection.']
UNCAUGHT row 25: DROP TRIGGER tenant_region_guard ON tenant_data.tenant (2 s)
   ✓ green smoke «tenant in wrong region DB»
CAUGHT   row 27: ALTER TABLE channel_data.pricing_halt DROP CONSTRAINT pricing_halt_system_only (3 s)
   ✓ green smoke «competitor-derived approval while halted (Р-51)»
   ✓ green smoke «dispatch of a competitor-derived write while halted (Р-51)»
   ✗ fails step12.pg.test.ts — Р-69: a system halt is only for broken channel data — a person cannot create one [Missing expected rejection.']
   ✓ green audit-guards.pg.test.ts
CAUGHT   row 27: DROP TRIGGER aa_price_stop_role_guard ON tenant_data.price_stop (2 s)
   ✓ green smoke «competitor-derived approval while halted (Р-51)»
   ✓ green smoke «dispatch of a competitor-derived write while halted (Р-51)»
   ✗ fails step12.pg.test.ts — Р-69, Р-70, OQ-125 in the database: a tenant stop holds every price, covers an account connected later, and only the owner resumes it [Expected values to be strictly equal:]
   ✗ fails audit-guards.pg.test.ts — finding 2: a price stop cannot be inserted already released [The input did not match the regular expression /created active/. Input:]; Р-88: releasing the tenant stop needs a secon
UNCAUGHT row 27: DROP TRIGGER ab_price_decision_stop_guard ON channel_data.price_decision (2 s)
   ✓ green smoke «competitor-derived approval while halted (Р-51)»
   ✓ green smoke «dispatch of a competitor-derived write while halted (Р-51)»
   ✓ green step12.pg.test.ts
   ✓ green audit-guards.pg.test.ts
UNCAUGHT row 27: DROP TRIGGER bb_channel_write_stop_guard ON tenant_data.channel_write (2 s)
   ✓ green smoke «competitor-derived approval while halted (Р-51)»
   ✓ green smoke «dispatch of a competitor-derived write while halted (Р-51)»
   ✓ green step12.pg.test.ts
   ✓ green audit-guards.pg.test.ts
CAUGHT   row 27: DROP TRIGGER ca_pricing_halt_release_role_guard ON channel_data.pricing_halt (3 s)
   ✓ green smoke «competitor-derived approval while halted (Р-51)»
   ✓ green smoke «dispatch of a competitor-derived write while halted (Р-51)»
   ✓ green step12.pg.test.ts
   ✗ fails audit-guards.pg.test.ts — finding 3: an automatic release needs the system, a clean sample at the release and an elapsed window [The input did not match the regular expression /after the review window/. Inp
UNCAUGHT row 28, 32, 39, 40: ALTER TABLE channel_data.price_decision DROP CONSTRAINT price_decision_explanation_by_class (2 s)
   ✓ green step14.pg.test.ts «finding 10, Р-80»
   ✓ green channel-derived.pg.test.ts
   ✓ green undercut-eternal.pg.test.ts
UNCAUGHT row 28, 32, 39, 40: ALTER TABLE channel_data.price_decision DROP CONSTRAINT price_decision_explanation_no_channel_data (2 s)
   ✓ green step14.pg.test.ts «finding 10, Р-80»
   ✓ green channel-derived.pg.test.ts
   ✓ green undercut-eternal.pg.test.ts
UNCAUGHT row 28, 32, 39, 40: ALTER TABLE tenant_data.price_intent_core DROP CONSTRAINT price_intent_core_explanation_no_channel_data (2 s)
   ✓ green step14.pg.test.ts «finding 10, Р-80»
   ✓ green channel-derived.pg.test.ts
   ✓ green undercut-eternal.pg.test.ts
UNCAUGHT row 28, 32, 39, 40: ALTER TABLE channel_data.price_decision DROP CONSTRAINT price_decision_no_change_reason_code (2 s)
   ✓ green step14.pg.test.ts «finding 10, Р-80»
   ✓ green channel-derived.pg.test.ts
   ✓ green undercut-eternal.pg.test.ts
UNCAUGHT row 28, 32, 39, 40: ALTER TABLE channel_data.price_decision DROP CONSTRAINT price_decision_explanation_no_column_copies (2 s)
   ✓ green step14.pg.test.ts «finding 10, Р-80»
   ✓ green channel-derived.pg.test.ts
   ✓ green undercut-eternal.pg.test.ts
UNCAUGHT row 28, 32, 39, 40: ALTER TABLE tenant_data.price_intent_core DROP CONSTRAINT price_intent_core_explanation_no_column_copies (2 s)
   ✓ green step14.pg.test.ts «finding 10, Р-80»
   ✓ green channel-derived.pg.test.ts
   ✓ green undercut-eternal.pg.test.ts
CAUGHT   row 28, 32, 39, 40: DROP TRIGGER a0_price_decision_intent_columns ON channel_data.price_decision (2 s)
   ✗ fails step14.pg.test.ts «finding 10, Р-80» — finding 10, Р-80: a NO_OP decision keeps no snapshot reference; a stored explanation repeats no row column; decision intent columns come from the intent [null value in column "trig
   ✗ fails channel-derived.pg.test.ts — Р-85: a rejected Buy Box proposal reaches the eternal core without the proposed price, the deviation and the derived target [null value in column "trigger_type" of relation "price_
   ✗ fails undercut-eternal.pg.test.ts — Р-91: an approved Buy Box price reaches the eternal core without the undercut [null value in column "trigger_type" of relation "price_decision_d20260915" violates not-null constrai
CAUGHT   row 28, 32, 39, 40: DROP TRIGGER a_price_decision_snapshot_ref_guard ON channel_data.price_decision_snapshot_ref (2 s)
   ✗ fails step14.pg.test.ts «finding 10, Р-80» — finding 10, Р-80: a NO_OP decision keeps no snapshot reference; a stored explanation repeats no row column; decision intent columns come from the intent [The input did not match th
   ✓ green channel-derived.pg.test.ts
   ✓ green undercut-eternal.pg.test.ts
UNCAUGHT row 29: ALTER TABLE channel_data.price_decision DROP CONSTRAINT price_decision_amounts_have_currency (2 s)
   ✓ green smoke «rejected snapshot details: an amount without its currency (Р-71)»
UNCAUGHT row 29: ALTER TABLE tenant_data.channel_write DROP CONSTRAINT channel_write_end_params_currency (2 s)
   ✓ green smoke «rejected snapshot details: an amount without its currency (Р-71)»
CAUGHT   row 29: ALTER TABLE channel_data.rejected_competitor_snapshot DROP CONSTRAINT rejected_competitor_snapshot_details_cur (2 s)
   ✗ fails smoke «rejected snapshot details: an amount without its currency (Р-71)» — CHECK FAILED: rejected snapshot details: an amount without its currency (Р-71)
UNCAUGHT row 30: ALTER TABLE tenant_data.price_intent_core DROP CONSTRAINT price_intent_core_dangerous_consistent (2 s)
   ✓ green channel-derived.pg.test.ts
   ✓ green console.test.ts «Р-73, C»
CAUGHT   row 31, 37, 38: CREATE OR REPLACE FUNCTION security.pricing_permission(p_role text, p_action text) RETURNS boolean LANGUAGE sq (2 s)
   ✗ fails step14.pg.test.ts «finding 2» — finding 2: the explanation dictionary and the permission matrix in the database equal the code [OPERATOR × RESUME_TENANT_STOP]
   ✓ green step14.pg.test.ts «finding 4»
   ✗ fails step12.pg.test.ts — Р-69, Р-70, OQ-125 in the database: a tenant stop holds every price, covers an account connected later, and only the owner resumes it [Expected values to be strictly equal:]
CAUGHT   row 31, 37, 38: tenant_data.price_stop_role_guard(): «IF security.current_user_id() IS NULL OR u IS DIST…» → «IF false THEN…» (2 s)
   ✓ green step14.pg.test.ts «finding 2»
   ✗ fails step14.pg.test.ts «finding 4» — finding 4: a stop, a resume and a manual halt release are accepted only from the session user of the membership; the audit author is that user [Expected values to be strictly equal
   ✓ green step12.pg.test.ts
CAUGHT   row 33: DROP TRIGGER explanation_ruleset_immutable ON platform.explanation_ruleset (2 s)
   ✗ fails smoke «explanation ruleset is immutable (Р-75)» — CHECK FAILED: explanation ruleset is immutable (Р-75)
   ✓ green step14.pg.test.ts «finding 2»
CAUGHT   row 34: DROP TRIGGER zb_price_stop_audit ON tenant_data.price_stop (2 s)
   ✓ green smoke «the manual release is not in the audit log with its author»
   ✗ fails step14.pg.test.ts «finding 4» — finding 4: a stop, a resume and a manual halt release are accepted only from the session user of the membership; the audit author is that user [Expected values to be strictly deep-
   ✗ fails role-separation.pg.test.ts — Р-90: the audit log is still written — by triggers, with the session user of the administrative service as the author [Expected values to be strictly deep-equal:]
UNCAUGHT row 34: DROP TRIGGER zb_pricing_halt_audit ON channel_data.pricing_halt (3 s)
   ✓ green smoke «the manual release is not in the audit log with its author»
   ✓ green step14.pg.test.ts «finding 4»
   ✓ green role-separation.pg.test.ts
CAUGHT   row 34: DROP TRIGGER zb_pricing_halt_review_audit ON channel_data.pricing_halt_review (3 s)
   ✗ fails smoke «the manual release is not in the audit log with its author» — ERROR:  the manual release is not in the audit log with its author
   ✗ fails step14.pg.test.ts «finding 4» — finding 4: a stop, a resume and a manual halt release are accepted only from the session user of the membership; the audit author is that user [Expected values to be strictly deep-
   ✓ green role-separation.pg.test.ts
CAUGHT   row 35: ALTER TABLE tenant_data.write_scope DROP CONSTRAINT write_scope_engine_has_strategy (2 s)
   ✗ fails smoke «ENGINE without a strategy (Р-77)» — CHECK FAILED: ENGINE without a strategy (Р-77)
CAUGHT   row 41: ALTER TABLE maintenance.partition_export DROP CONSTRAINT partition_export_core_archive_self_contained (1 s)
   ✗ fails step14.pg.test.ts «Р-79» — Р-79: the core archive exported by the exporter role explains every row without the database; a confirmation without dictionaries is refused [The input did not match the regular ex
UNCAUGHT row 43: ALTER TABLE channel_data.price_decision DROP CONSTRAINT price_decision_explanation_derives_no_channel (3 s)
   ✓ green verify 0061_verify_schema_invariants_v13.sql
   ✓ green channel-derived.pg.test.ts
   ✓ green undercut-eternal.pg.test.ts
CAUGHT   row 42: tenant_data.channel_write_before_update(): «NEW.floor_at_dispatch_minor := tenant_data.assert_…» → «NEW.floor_at_dispatch_minor :=…» (3 s)
   ✗ fails verify 0061_verify_schema_invariants_v13.sql — ERROR:  schema invariant violations:
behaviour check (Р-83, finding 15, Р-91): a price write below the recomputed margin floor was dispatched
   ✗ fails write-recheck.pg.test.ts — Р-83: the unit cost rose between decision and dispatch — the margin floor blocks the write [cost: the write reached the channel: [{"action":"DISPATCHED","channelWriteId":"0eea3656-
UNCAUGHT row 43: ALTER TABLE tenant_data.price_intent_core DROP CONSTRAINT price_intent_core_explanation_derives_no_channel (3 s)
   ✓ green verify 0061_verify_schema_invariants_v13.sql
   ✓ green channel-derived.pg.test.ts
   ✓ green undercut-eternal.pg.test.ts
UNCAUGHT row 43: ALTER TABLE tenant_data.price_intent_core DROP CONSTRAINT price_intent_core_competitor_rejection_not_kept (3 s)
   ✓ green verify 0061_verify_schema_invariants_v13.sql
   ✓ green channel-derived.pg.test.ts
   ✓ green undercut-eternal.pg.test.ts
UNCAUGHT row 43: ALTER TABLE channel_data.price_decision DROP CONSTRAINT price_decision_explanation_keys_declared (3 s)
   ✓ green verify 0061_verify_schema_invariants_v13.sql
   ✓ green channel-derived.pg.test.ts
   ✓ green undercut-eternal.pg.test.ts
UNCAUGHT row 43: ALTER TABLE tenant_data.price_intent_core DROP CONSTRAINT price_intent_core_explanation_keys_declared (3 s)
   ✓ green verify 0061_verify_schema_invariants_v13.sql
   ✓ green channel-derived.pg.test.ts
   ✓ green undercut-eternal.pg.test.ts
CAUGHT   row 44: DROP TRIGGER a_pricing_halt_review_guard ON channel_data.pricing_halt_review (4 s)
   ✓ green smoke «manual halt release without a second factor (finding 12, Р-88)»
   ✗ fails audit-guards.pg.test.ts — finding 1: a manual release review without the release, from a viewer, or for a released halt is refused; the real release is accepted [The input did not match the regular expressi
CAUGHT   row 44: DROP TRIGGER zc_pricing_halt_review_released_in_tx ON channel_data.pricing_halt_review (4 s)
   ✓ green smoke «manual halt release without a second factor (finding 12, Р-88)»
   ✗ fails audit-guards.pg.test.ts — finding 1: a manual release review without the release, from a viewer, or for a released halt is refused; the real release is accepted [a release record without the release fails a
CAUGHT   row 44: tenant_data.price_stop_role_guard(): «AND NOT security.session_mfa() THEN…» → «AND false THEN…» (4 s)
   ✓ green smoke «manual halt release without a second factor (finding 12, Р-88)»
   ✗ fails audit-guards.pg.test.ts — Р-88: releasing the tenant stop needs a second factor; a storefront stop does not [Expected values to be strictly equal:]
CAUGHT   row 45: DROP TRIGGER ab_channel_write_budget_day_retry ON tenant_data.channel_write (4 s)
   ✗ fails smoke «retry after midnight is charged to today, whose budget is exhausted (C2, Р-19)» — CHECK FAILED: retry after midnight is charged to today, whose budget is exhausted (C2, Р-19)
   ✗ fails smoke «retry while the storefront day boundary is unconfirmed (C2, Р-65)» — CHECK FAILED: retry while the storefront day boundary is unconfirmed (C2, Р-65)
   ✓ green dispatcher-defects.pg.test.ts

| Строка Р-93 | Инвариант | Мутация | Поймана | Заявленные проверки на мутации |
|---|---|---|---|---|
| 12 | Р-43, Р-44: потолок при создании и отправке записи | `DROP TRIGGER ba_channel_write_ceiling_insert ON tenant_data.channel_write` | **нет** | ✓ smoke «dispatch above lowered max_price (Р-44, check 3)»<br>✓ store.pg.test.ts «refuses a price above max_price» |
| 12 | Р-43, Р-44: потолок при создании и отправке записи | `DROP TRIGGER ba_channel_write_ceiling_dispatch ON tenant_data.channel_write` | да | ✗ smoke «dispatch above lowered max_price (Р-44, check 3)»<br>✓ store.pg.test.ts «refuses a price above max_price» |
| 13 | Р-44: без округления до границы, причина отказа обязательна | `ALTER TABLE channel_data.price_decision DROP CONSTRAINT price_decision_no_bound_clamp` | да | ✗ smoke «clamp to floor instead of rejection (Р-44)»<br>✓ smoke «REJECTED without a reason» |
| 13 | Р-44: без округления до границы, причина отказа обязательна | `ALTER TABLE channel_data.price_decision DROP CONSTRAINT price_decision_rejection_reason_iff` | да | ✓ smoke «clamp to floor instead of rejection (Р-44)»<br>✗ smoke «REJECTED without a reason» |
| 14 | Р-43: потолок не в guardrail | `ALTER TABLE tenant_data.guardrail DROP CONSTRAINT guardrail_ceiling_moved_to_max_price` | да | ✗ smoke «guardrail carrying a ceiling (moved to max_price, Р-43)» |
| 16 | Р-52: снятие остановки только с записью журнала | `DROP TRIGGER c_pricing_halt_release_journal ON channel_data.pricing_halt` | **нет** | ✓ smoke «manual release without a journal record (Р-52)»<br>✓ smoke «manual halt release by a member with a second factor, a note and a journal record (Р-52, Р-88)»<br>✓ audit-guards.pg.test.ts «finding 1» |
| 17 | Р-51: признак цены по конкурентам копируется в решение | `DROP TRIGGER aa_price_decision_copy_derivation ON channel_data.price_decision` | да | ✗ smoke «competitor_derived is not derived from rule_code» |
| 18 | Р-57: валюты EUR и USD | `ALTER TABLE tenant_data.write_scope DROP CONSTRAINT write_scope_supported_currency` | да | ✗ smoke «currency outside EUR and USD» |
| 19 | Р-58: налоговый режим единицы записи цены | `ALTER TABLE tenant_data.write_scope DROP CONSTRAINT write_scope_tax_regime_for_price` | да | ✓ smoke «USD write scope attached to a EUR gross storefront (Р-57, Р-58)»<br>✓ smoke «net price basis with VAT regime (Р-58)»<br>✗ smoke «price write scope without tax regime (Р-58)» |
| 20, 21 | OQ-98: отказ хранит параметры причины | `ALTER TABLE channel_data.price_decision DROP CONSTRAINT price_decision_rejection_explained` | **нет** | ✓ store.pg.test.ts «OQ-93, OQ-94, OQ-98» |
| 22 | Р-64: завершение записи — с причиной; ждущая запись объявляется событием | `ALTER TABLE tenant_data.channel_write DROP CONSTRAINT channel_write_end_explained` | **нет** | ✓ write-queue.pg.test.ts<br>✓ budget-retry-dispatch.pg.test.ts |
| 22 | Р-64: завершение записи — с причиной; ждущая запись объявляется событием | `ALTER TABLE tenant_data.channel_write_history DROP CONSTRAINT channel_write_history_end_explained` | **нет** | ✓ write-queue.pg.test.ts<br>✓ budget-retry-dispatch.pg.test.ts |
| 22 | Р-64: завершение записи — с причиной; ждущая запись объявляется событием | `DROP TRIGGER zz_channel_write_announce_dispatch ON tenant_data.channel_write` | да | ✗ write-queue.pg.test.ts<br>✓ budget-retry-dispatch.pg.test.ts |
| 23 | Р-61: курс ЕЦБ неизменяем; курс — в решении с переводом себестоимости | `DROP TRIGGER zz_fx_rate_immutable ON platform.fx_rate` | да | ✗ smoke «ECB rate is immutable (Р-61)»<br>✓ fx-day-boundary.pg.test.ts «Р-61 in the database» |
| 23 | Р-61: курс ЕЦБ неизменяем; курс — в решении с переводом себестоимости | `DROP TRIGGER aa_price_decision_fx_recorded ON channel_data.price_decision` | да | ✓ smoke «ECB rate is immutable (Р-61)»<br>✗ fx-day-boundary.pg.test.ts «Р-61 in the database» |
| 23 | Р-61: курс ЕЦБ неизменяем; курс — в решении с переводом себестоимости | `ALTER TABLE channel_data.price_decision DROP CONSTRAINT price_decision_fx_shape` | **нет** | ✓ smoke «ECB rate is immutable (Р-61)»<br>✓ fx-day-boundary.pg.test.ts «Р-61 in the database» |
| 24, 26 | Р-62, Р-65: граница суток — пояс витрины | `ALTER TABLE platform.marketplace DROP CONSTRAINT marketplace_time_zone_known_if_confirmed` | да | ✓ smoke «budgeted write while the storefront day boundary is unconfirmed (Р-65)»<br>✓ smoke «budget day is not the current storefront day (Р-65)»<br>✗ smoke «US storefront confirmed without a time zone»<br>✓ fx-day-boundary.pg.test.ts «Р-65: a US storefront» |
| 24, 26 | Р-62, Р-65: граница суток — пояс витрины | `DROP TRIGGER aa_channel_write_budget_day_tz ON tenant_data.channel_write` | да | ✗ smoke «budgeted write while the storefront day boundary is unconfirmed (Р-65)»<br>✗ smoke «budget day is not the current storefront day (Р-65)»<br>✓ smoke «US storefront confirmed without a time zone»<br>✓ fx-day-boundary.pg.test.ts «Р-65: a US storefront» |
| 24, 26 | Р-62, Р-65: граница суток — пояс витрины | `DROP TRIGGER aa_price_daily_day_tz ON tenant_data.price_daily` | да | ✓ smoke «budgeted write while the storefront day boundary is unconfirmed (Р-65)»<br>✓ smoke «budget day is not the current storefront day (Р-65)»<br>✓ smoke «US storefront confirmed without a time zone»<br>✗ fx-day-boundary.pg.test.ts «Р-65: a US storefront» |
| 25 | Р-60: тенант в базе своего региона | `DROP TRIGGER tenant_region_guard ON tenant_data.tenant` | **нет** | ✓ smoke «tenant in wrong region DB» |
| 27 | Р-69, Р-70: остановки человеком и системные | `ALTER TABLE channel_data.pricing_halt DROP CONSTRAINT pricing_halt_system_only` | да | ✓ smoke «competitor-derived approval while halted (Р-51)»<br>✓ smoke «dispatch of a competitor-derived write while halted (Р-51)»<br>✗ step12.pg.test.ts<br>✓ audit-guards.pg.test.ts |
| 27 | Р-69, Р-70: остановки человеком и системные | `DROP TRIGGER aa_price_stop_role_guard ON tenant_data.price_stop` | да | ✓ smoke «competitor-derived approval while halted (Р-51)»<br>✓ smoke «dispatch of a competitor-derived write while halted (Р-51)»<br>✗ step12.pg.test.ts<br>✗ audit-guards.pg.test.ts |
| 27 | Р-69, Р-70: остановки человеком и системные | `DROP TRIGGER ab_price_decision_stop_guard ON channel_data.price_decision` | **нет** | ✓ smoke «competitor-derived approval while halted (Р-51)»<br>✓ smoke «dispatch of a competitor-derived write while halted (Р-51)»<br>✓ step12.pg.test.ts<br>✓ audit-guards.pg.test.ts |
| 27 | Р-69, Р-70: остановки человеком и системные | `DROP TRIGGER bb_channel_write_stop_guard ON tenant_data.channel_write` | **нет** | ✓ smoke «competitor-derived approval while halted (Р-51)»<br>✓ smoke «dispatch of a competitor-derived write while halted (Р-51)»<br>✓ step12.pg.test.ts<br>✓ audit-guards.pg.test.ts |
| 27 | Р-69, Р-70: остановки человеком и системные | `DROP TRIGGER ca_pricing_halt_release_role_guard ON channel_data.pricing_halt` | да | ✓ smoke «competitor-derived approval while halted (Р-51)»<br>✓ smoke «dispatch of a competitor-derived write while halted (Р-51)»<br>✓ step12.pg.test.ts<br>✗ audit-guards.pg.test.ts |
| 28, 32, 39, 40 | Р-68, Р-74, Р-80: слепок по классам, без данных канала и копий столбцов; NO_OP без ссылки на снимок | `ALTER TABLE channel_data.price_decision DROP CONSTRAINT price_decision_explanation_by_class` | **нет** | ✓ step14.pg.test.ts «finding 10, Р-80»<br>✓ channel-derived.pg.test.ts<br>✓ undercut-eternal.pg.test.ts |
| 28, 32, 39, 40 | Р-68, Р-74, Р-80: слепок по классам, без данных канала и копий столбцов; NO_OP без ссылки на снимок | `ALTER TABLE channel_data.price_decision DROP CONSTRAINT price_decision_explanation_no_channel_data` | **нет** | ✓ step14.pg.test.ts «finding 10, Р-80»<br>✓ channel-derived.pg.test.ts<br>✓ undercut-eternal.pg.test.ts |
| 28, 32, 39, 40 | Р-68, Р-74, Р-80: слепок по классам, без данных канала и копий столбцов; NO_OP без ссылки на снимок | `ALTER TABLE tenant_data.price_intent_core DROP CONSTRAINT price_intent_core_explanation_no_channel_data` | **нет** | ✓ step14.pg.test.ts «finding 10, Р-80»<br>✓ channel-derived.pg.test.ts<br>✓ undercut-eternal.pg.test.ts |
| 28, 32, 39, 40 | Р-68, Р-74, Р-80: слепок по классам, без данных канала и копий столбцов; NO_OP без ссылки на снимок | `ALTER TABLE channel_data.price_decision DROP CONSTRAINT price_decision_no_change_reason_code` | **нет** | ✓ step14.pg.test.ts «finding 10, Р-80»<br>✓ channel-derived.pg.test.ts<br>✓ undercut-eternal.pg.test.ts |
| 28, 32, 39, 40 | Р-68, Р-74, Р-80: слепок по классам, без данных канала и копий столбцов; NO_OP без ссылки на снимок | `ALTER TABLE channel_data.price_decision DROP CONSTRAINT price_decision_explanation_no_column_copies` | **нет** | ✓ step14.pg.test.ts «finding 10, Р-80»<br>✓ channel-derived.pg.test.ts<br>✓ undercut-eternal.pg.test.ts |
| 28, 32, 39, 40 | Р-68, Р-74, Р-80: слепок по классам, без данных канала и копий столбцов; NO_OP без ссылки на снимок | `ALTER TABLE tenant_data.price_intent_core DROP CONSTRAINT price_intent_core_explanation_no_column_copies` | **нет** | ✓ step14.pg.test.ts «finding 10, Р-80»<br>✓ channel-derived.pg.test.ts<br>✓ undercut-eternal.pg.test.ts |
| 28, 32, 39, 40 | Р-68, Р-74, Р-80: слепок по классам, без данных канала и копий столбцов; NO_OP без ссылки на снимок | `DROP TRIGGER a0_price_decision_intent_columns ON channel_data.price_decision` | да | ✗ step14.pg.test.ts «finding 10, Р-80»<br>✗ channel-derived.pg.test.ts<br>✗ undercut-eternal.pg.test.ts |
| 28, 32, 39, 40 | Р-68, Р-74, Р-80: слепок по классам, без данных канала и копий столбцов; NO_OP без ссылки на снимок | `DROP TRIGGER a_price_decision_snapshot_ref_guard ON channel_data.price_decision_snapshot_ref` | да | ✗ step14.pg.test.ts «finding 10, Р-80»<br>✓ channel-derived.pg.test.ts<br>✓ undercut-eternal.pg.test.ts |
| 29 | Р-71: сумма с валютой | `ALTER TABLE channel_data.price_decision DROP CONSTRAINT price_decision_amounts_have_currency` | **нет** | ✓ smoke «rejected snapshot details: an amount without its currency (Р-71)» |
| 29 | Р-71: сумма с валютой | `ALTER TABLE tenant_data.channel_write DROP CONSTRAINT channel_write_end_params_currency` | **нет** | ✓ smoke «rejected snapshot details: an amount without its currency (Р-71)» |
| 29 | Р-71: сумма с валютой | `ALTER TABLE channel_data.rejected_competitor_snapshot DROP CONSTRAINT rejected_competitor_snapshot_details_cur` | да | ✗ smoke «rejected snapshot details: an amount without its currency (Р-71)» |
| 30 | Р-73: «опасное» согласовано с отклонением | `ALTER TABLE tenant_data.price_intent_core DROP CONSTRAINT price_intent_core_dangerous_consistent` | **нет** | ✓ channel-derived.pg.test.ts<br>✓ console.test.ts «Р-73, C» |
| 31, 37, 38 | OQ-125, OQ-129, находка 4: матрица прав остановок, автор — пользователь сессии | `CREATE OR REPLACE FUNCTION security.pricing_permission(p_role text, p_action text) RETURNS boolean LANGUAGE sq` | да | ✗ step14.pg.test.ts «finding 2»<br>✓ step14.pg.test.ts «finding 4»<br>✗ step12.pg.test.ts |
| 31, 37, 38 | OQ-125, OQ-129, находка 4: матрица прав остановок, автор — пользователь сессии | `tenant_data.price_stop_role_guard(): «IF security.current_user_id() IS NULL OR u IS DIST…» → «IF false THEN…»` | да | ✓ step14.pg.test.ts «finding 2»<br>✗ step14.pg.test.ts «finding 4»<br>✓ step12.pg.test.ts |
| 33 | Р-75: справочник объяснения неизменяем | `DROP TRIGGER explanation_ruleset_immutable ON platform.explanation_ruleset` | да | ✗ smoke «explanation ruleset is immutable (Р-75)»<br>✓ step14.pg.test.ts «finding 2» |
| 34 | Р-76: остановки и снятия — в журнале аудита | `DROP TRIGGER zb_price_stop_audit ON tenant_data.price_stop` | да | ✓ smoke «the manual release is not in the audit log with its author»<br>✗ step14.pg.test.ts «finding 4»<br>✗ role-separation.pg.test.ts |
| 34 | Р-76: остановки и снятия — в журнале аудита | `DROP TRIGGER zb_pricing_halt_audit ON channel_data.pricing_halt` | **нет** | ✓ smoke «the manual release is not in the audit log with its author»<br>✓ step14.pg.test.ts «finding 4»<br>✓ role-separation.pg.test.ts |
| 34 | Р-76: остановки и снятия — в журнале аудита | `DROP TRIGGER zb_pricing_halt_review_audit ON channel_data.pricing_halt_review` | да | ✗ smoke «the manual release is not in the audit log with its author»<br>✗ step14.pg.test.ts «finding 4»<br>✓ role-separation.pg.test.ts |
| 35 | Р-77: движок без стратегии не включается | `ALTER TABLE tenant_data.write_scope DROP CONSTRAINT write_scope_engine_has_strategy` | да | ✗ smoke «ENGINE without a strategy (Р-77)» |
| 41 | Р-79: подтверждённый архив ядра — со справочниками | `ALTER TABLE maintenance.partition_export DROP CONSTRAINT partition_export_core_archive_self_contained` | да | ✗ step14.pg.test.ts «Р-79» |
| 42 | Р-83: пол с полом маржи перед каждой отправкой | `tenant_data.channel_write_before_update(): «NEW.floor_at_dispatch_minor := tenant_data.assert_…» → «NEW.floor_at_dispatch_minor :=…»` | да | ✗ verify 0061_verify_schema_invariants_v13.sql<br>✗ write-recheck.pg.test.ts |
| 43 | Р-85, Р-91, находка 15: из вечного ядра не выводится значение канала | `ALTER TABLE channel_data.price_decision DROP CONSTRAINT price_decision_explanation_derives_no_channel` | **нет** | ✓ verify 0061_verify_schema_invariants_v13.sql<br>✓ channel-derived.pg.test.ts<br>✓ undercut-eternal.pg.test.ts |
| 43 | Р-85, Р-91, находка 15: из вечного ядра не выводится значение канала | `ALTER TABLE tenant_data.price_intent_core DROP CONSTRAINT price_intent_core_explanation_derives_no_channel` | **нет** | ✓ verify 0061_verify_schema_invariants_v13.sql<br>✓ channel-derived.pg.test.ts<br>✓ undercut-eternal.pg.test.ts |
| 43 | Р-85, Р-91, находка 15: из вечного ядра не выводится значение канала | `ALTER TABLE tenant_data.price_intent_core DROP CONSTRAINT price_intent_core_competitor_rejection_not_kept` | **нет** | ✓ verify 0061_verify_schema_invariants_v13.sql<br>✓ channel-derived.pg.test.ts<br>✓ undercut-eternal.pg.test.ts |
| 43 | Р-85, Р-91, находка 15: из вечного ядра не выводится значение канала | `ALTER TABLE channel_data.price_decision DROP CONSTRAINT price_decision_explanation_keys_declared` | **нет** | ✓ verify 0061_verify_schema_invariants_v13.sql<br>✓ channel-derived.pg.test.ts<br>✓ undercut-eternal.pg.test.ts |
| 43 | Р-85, Р-91, находка 15: из вечного ядра не выводится значение канала | `ALTER TABLE tenant_data.price_intent_core DROP CONSTRAINT price_intent_core_explanation_keys_declared` | **нет** | ✓ verify 0061_verify_schema_invariants_v13.sql<br>✓ channel-derived.pg.test.ts<br>✓ undercut-eternal.pg.test.ts |
| 44 | Находки 1–3, Р-88: журнал проверок, автоматическое снятие, второй фактор | `DROP TRIGGER a_pricing_halt_review_guard ON channel_data.pricing_halt_review` | да | ✓ smoke «manual halt release without a second factor (finding 12, Р-88)»<br>✗ audit-guards.pg.test.ts |
| 44 | Находки 1–3, Р-88: журнал проверок, автоматическое снятие, второй фактор | `DROP TRIGGER zc_pricing_halt_review_released_in_tx ON channel_data.pricing_halt_review` | да | ✓ smoke «manual halt release without a second factor (finding 12, Р-88)»<br>✗ audit-guards.pg.test.ts |
| 44 | Находки 1–3, Р-88: журнал проверок, автоматическое снятие, второй фактор | `tenant_data.price_stop_role_guard(): «AND NOT security.session_mfa() THEN…» → «AND false THEN…»` | да | ✓ smoke «manual halt release without a second factor (finding 12, Р-88)»<br>✗ audit-guards.pg.test.ts |
| 45 | C2: день бюджета при повторе — текущий день витрины | `DROP TRIGGER ab_channel_write_budget_day_retry ON tenant_data.channel_write` | да | ✗ smoke «retry after midnight is charged to today, whose budget is exhausted (C2, Р-19)»<br>✗ smoke «retry while the storefront day boundary is unconfirmed (C2, Р-65)»<br>✓ dispatcher-defects.pg.test.ts |

Строк с мутациями: 25; ложных (хотя бы одна мутация не поймана заявленными проверками): **12** — 12; 16; 20, 21; 22; 23; 25; 27; 28, 32, 39, 40; 29; 30; 34; 43.
Мутаций: 55; не поймано: **24**.
Не мутировались: 1–11 (свойства каталога остались в 0061); 15 (данные справочника НДС остались в 0061); 36 (правило проверяло отсутствие объектов входа).
✗ — проверка упала на мутации (поймала), ✓ — осталась зелёной.
